[portotheme.com/html/porto_ecommerce/demo-9/index.html]
[backblue.gif]
[fade.gif]
[index.html]
[portotheme.com/html/porto_ecommerce/demo-9/assets/images/icons/favicon.ico]
[portotheme.com/html/porto_ecommerce/demo-9/assets/css/bootstrap.min.css]
[portotheme.com/html/porto_ecommerce/demo-9/assets/css/style.min.css]
[portotheme.com/html/porto_ecommerce/demo-9/assets/images/flags/en.png]
[portotheme.com/html/porto_ecommerce/demo-9/assets/images/flags/fr.png]
[portotheme.com/html/porto_ecommerce/demo-9/product.html]
[portotheme.com/html/porto_ecommerce/demo-9/my-account.html]
[portotheme.com/html/porto_ecommerce/demo-9/blog.html]
[portotheme.com/html/porto_ecommerce/demo-9/contact.html]
[portotheme.com/html/porto_ecommerce/demo-9/index-2.html]
[portotheme.com/html/porto_ecommerce/demo-9/assets/images/logo.png]
[portotheme.com/html/porto_ecommerce/demo-9/cart.html]
[portotheme.com/html/porto_ecommerce/demo-9/assets/images/products/cart/product-1.jpg]
[portotheme.com/html/porto_ecommerce/demo-9/assets/images/products/cart/product-2.jpg]
[portotheme.com/html/porto_ecommerce/demo-9/checkout-shipping.html]
[portotheme.com/html/porto_ecommerce/demo-9/category.html]
[portotheme.com/html/porto_ecommerce/demo-9/category-banner-full-width.html]
[portotheme.com/html/porto_ecommerce/demo-9/category-banner-boxed-slider.html]
[portotheme.com/html/porto_ecommerce/demo-9/category-sidebar-right.html]
[portotheme.com/html/porto_ecommerce/demo-9/category-flex-grid.html]
[portotheme.com/html/porto_ecommerce/demo-9/category-horizontal-filter1.html]
[portotheme.com/html/porto_ecommerce/demo-9/category-horizontal-filter2.html]
[portotheme.com/html/porto_ecommerce/demo-9/category-infinite-scroll.html]
[portotheme.com/html/porto_ecommerce/demo-9/category-3col.html]
[portotheme.com/html/porto_ecommerce/demo-9/category-5col.html]
[portotheme.com/html/porto_ecommerce/demo-9/category-6col.html]
[portotheme.com/html/porto_ecommerce/demo-9/category-7col.html]
[portotheme.com/html/porto_ecommerce/demo-9/category-8col.html]
[portotheme.com/html/porto_ecommerce/demo-9/assets/images/menu-banner-2.jpg]
[portotheme.com/html/porto_ecommerce/demo-9/product-full-width.html]
[portotheme.com/html/porto_ecommerce/demo-9/product-addcart-sticky.html]
[portotheme.com/html/porto_ecommerce/demo-9/product-sidebar-left.html]
[portotheme.com/html/porto_ecommerce/demo-9/product-sticky-tab.html]
[portotheme.com/html/porto_ecommerce/demo-9/product-simple.html]
[portotheme.com/html/porto_ecommerce/demo-9/product-extended-layout.html]
[portotheme.com/html/porto_ecommerce/demo-9/product-grid-layout.html]
[portotheme.com/html/porto_ecommerce/demo-9/product-sticky-both.html]
[portotheme.com/html/porto_ecommerce/demo-9/product-sticky-info.html]
[portotheme.com/html/porto_ecommerce/demo-9/assets/images/menu-banner.jpg]
[portotheme.com/html/porto_ecommerce/demo-9/checkout-shipping-2.html]
[portotheme.com/html/porto_ecommerce/demo-9/checkout-review.html]
[portotheme.com/html/porto_ecommerce/demo-9/dashboard.html]
[portotheme.com/html/porto_ecommerce/demo-9/about.html]
[portotheme.com/html/porto_ecommerce/demo-9/single.html]
[portotheme.com/html/porto_ecommerce/demo-9/forgot-password.html]
[portotheme.com/html/porto_ecommerce/demo-9/assets/images/slider/slide-1.jpg]
[portotheme.com/html/porto_ecommerce/demo-9/assets/images/slider/slide-2.jpg]
[portotheme.com/html/porto_ecommerce/demo-9/assets/images/products/product-10.jpg]
[portotheme.com/html/porto_ecommerce/demo-9/ajax/product-quick-view.html]
[portotheme.com/html/porto_ecommerce/demo-9/assets/images/products/product-8.jpg]
[portotheme.com/html/porto_ecommerce/demo-9/assets/images/products/product-5.jpg]
[portotheme.com/html/porto_ecommerce/demo-9/assets/images/products/product-4.jpg]
[portotheme.com/html/porto_ecommerce/demo-9/assets/images/products/product-3.jpg]
[portotheme.com/html/porto_ecommerce/demo-9/assets/images/products/product-14.jpg]
[portotheme.com/html/porto_ecommerce/demo-9/assets/images/products/product-11.jpg]
[portotheme.com/html/porto_ecommerce/demo-9/assets/images/products/product-9.jpg]
[portotheme.com/html/porto_ecommerce/demo-9/assets/images/products/product-7.jpg]
[portotheme.com/html/porto_ecommerce/demo-9/assets/images/products/product-13.jpg]
[portotheme.com/html/porto_ecommerce/demo-9/assets/images/promo-bg.jpg]
[portotheme.com/html/porto_ecommerce/demo-9/assets/images/logos/1.png]
[portotheme.com/html/porto_ecommerce/demo-9/assets/images/logos/2.png]
[portotheme.com/html/porto_ecommerce/demo-9/assets/images/logos/3.png]
[portotheme.com/html/porto_ecommerce/demo-9/assets/images/logos/4.png]
[portotheme.com/html/porto_ecommerce/demo-9/assets/images/logos/5.png]
[portotheme.com/html/porto_ecommerce/demo-9/assets/images/products/small/product-1.jpg]
[portotheme.com/html/porto_ecommerce/demo-9/assets/images/products/small/product-2.jpg]
[portotheme.com/html/porto_ecommerce/demo-9/assets/images/products/small/product-3.jpg]
[portotheme.com/html/porto_ecommerce/demo-9/assets/images/products/small/product-4.jpg]
[portotheme.com/html/porto_ecommerce/demo-9/assets/images/products/small/product-5.jpg]
[portotheme.com/html/porto_ecommerce/demo-9/assets/images/products/small/product-6.jpg]
[portotheme.com/html/porto_ecommerce/demo-9/assets/images/products/small/product-7.jpg]
[portotheme.com/html/porto_ecommerce/demo-9/assets/images/products/small/product-8.jpg]
[portotheme.com/html/porto_ecommerce/demo-9/assets/images/products/small/product-9.jpg]
[portotheme.com/html/porto_ecommerce/demo-9/assets/images/payments.png]
[portotheme.com/html/porto_ecommerce/demo-9/assets/images/newsletter_popup_bg.jpg]
[portotheme.com/html/porto_ecommerce/demo-9/assets/images/logo-black.png]
[portotheme.com/html/porto_ecommerce/demo-9/assets/js/bootstrap.bundle.min.js]
[portotheme.com/html/porto_ecommerce/demo-9/assets/js/jquery.min.js]
[portotheme.com/html/porto_ecommerce/demo-9/index.html]
[portotheme.com/html/porto_ecommerce/demo-9/assets/js/main.min.js]
[portotheme.com/html/porto_ecommerce/demo-9/assets/css/bootstrap.min.css]
[portotheme.com/html/porto_ecommerce/demo-9/assets/js/plugins.min.js]
[portotheme.com/html/porto_ecommerce/demo-9/assets/fonts/porto6e1d.eot]
[portotheme.com/html/porto_ecommerce/demo-9/assets/fonts/porto6e1d.woff2]
[portotheme.com/html/porto_ecommerce/demo-9/assets/fonts/porto6e1d.woff]
[portotheme.com/html/porto_ecommerce/demo-9/assets/fonts/porto6e1d.ttf]
[portotheme.com/html/porto_ecommerce/demo-9/assets/images/owl.video.play.png]
[www.portotheme.com/html/porto_ecommerce/demo-9/assets/images/owl.video.play.56.delayed]
[portotheme.com/html/porto_ecommerce/demo-9/assets/css/style.min.css]
[portotheme.com/html/porto_ecommerce/demo-9/assets/images/products/zoom/product-1.jpg]
[portotheme.com/html/porto_ecommerce/demo-9/assets/images/products/zoom/product-1-big.jpg]
[portotheme.com/html/porto_ecommerce/demo-9/assets/images/products/zoom/product-2.jpg]
[portotheme.com/html/porto_ecommerce/demo-9/assets/images/products/zoom/product-2-big.jpg]
[portotheme.com/html/porto_ecommerce/demo-9/assets/images/products/zoom/product-3.jpg]
[portotheme.com/html/porto_ecommerce/demo-9/assets/images/products/zoom/product-3-big.jpg]
[portotheme.com/html/porto_ecommerce/demo-9/assets/images/products/zoom/product-4.jpg]
[portotheme.com/html/porto_ecommerce/demo-9/assets/images/products/zoom/product-4-big.jpg]
[portotheme.com/html/porto_ecommerce/demo-9/assets/images/product-brand.png]
[portotheme.com/html/porto_ecommerce/demo-9/assets/images/banners/banner-sidebar.jpg]
[portotheme.com/html/porto_ecommerce/demo-9/assets/images/products/product-1.jpg]
[portotheme.com/html/porto_ecommerce/demo-9/assets/images/products/product-2.jpg]
[portotheme.com/html/porto_ecommerce/demo-9/product.html]
[portotheme.com/html/porto_ecommerce/demo-9/my-account.html]
[s7.addthis.com/js/300/addthis_widget.js]
[portotheme.com/html/porto_ecommerce/demo-9/assets/images/blog/post-1.jpg]
[portotheme.com/html/porto_ecommerce/demo-9/assets/images/blog/post-2.jpg]
[portotheme.com/html/porto_ecommerce/demo-9/assets/images/blog/post-3.jpg]
[portotheme.com/html/porto_ecommerce/demo-9/assets/images/blog/widget/post-1.jpg]
[portotheme.com/html/porto_ecommerce/demo-9/assets/images/blog/widget/post-2.jpg]
[portotheme.com/html/porto_ecommerce/demo-9/blog.html]
[portotheme.com/html/porto_ecommerce/demo-9/assets/js/map.js]
[portotheme.com/html/porto_ecommerce/demo-9/contact.html]
[portotheme.com/html/porto_ecommerce/demo-9/index-2.html]
[portotheme.com/html/porto_ecommerce/demo-9/cart.html]
[portotheme.com/html/porto_ecommerce/demo-9/checkout-shipping.html]
[portotheme.com/html/porto_ecommerce/demo-9/assets/images/banners/banner-fashion.jpg]
[portotheme.com/html/porto_ecommerce/demo-9/category-list.html]
[portotheme.com/html/porto_ecommerce/demo-9/assets/images/products/product-6.jpg]
[portotheme.com/html/porto_ecommerce/demo-9/assets/images/products/product-12.jpg]
[portotheme.com/html/porto_ecommerce/demo-9/category.html]
[portotheme.com/html/porto_ecommerce/demo-9/category-banner-full-width.html]
[portotheme.com/html/porto_ecommerce/demo-9/category-banner-boxed-slider.html]
[portotheme.com/html/porto_ecommerce/demo-9/assets/js/nouislider.min.js]
[portotheme.com/html/porto_ecommerce/demo-9/category-sidebar-right.html]
[portotheme.com/html/porto_ecommerce/demo-9/category-flex-grid.html]
[portotheme.com/html/porto_ecommerce/demo-9/category-horizontal-filter1.html]
[portotheme.com/html/porto_ecommerce/demo-9/category-horizontal-filter2.html]
[portotheme.com/html/porto_ecommerce/demo-9/category-infinite-scroll.html]
[portotheme.com/html/porto_ecommerce/demo-9/category-3col.html]
[portotheme.com/html/porto_ecommerce/demo-9/category-5col.html]
[portotheme.com/html/porto_ecommerce/demo-9/category-6col.html]
[portotheme.com/html/porto_ecommerce/demo-9/category-7col.html]
[portotheme.com/html/porto_ecommerce/demo-9/category-8col.html]
[portotheme.com/html/porto_ecommerce/demo-9/assets/images/products/single/extended/bg-4.jpg]
[portotheme.com/html/porto_ecommerce/demo-9/assets/images/products/single/extended/icon-play.png]
[portotheme.com/html/porto_ecommerce/demo-9/product-full-width.html]
[portotheme.com/html/porto_ecommerce/demo-9/product-addcart-sticky.html]
[portotheme.com/html/porto_ecommerce/demo-9/assets/images/products/single/product-img.jpg]
[portotheme.com/html/porto_ecommerce/demo-9/product-sidebar-left.html]
[portotheme.com/html/porto_ecommerce/demo-9/assets/images/products/single/body-shape.png]
[portotheme.com/html/porto_ecommerce/demo-9/product-sticky-tab.html]
[portotheme.com/html/porto_ecommerce/demo-9/product-simple.html]
[portotheme.com/html/porto_ecommerce/demo-9/assets/images/products/single/extended/bg-1.jpg]
[portotheme.com/html/porto_ecommerce/demo-9/assets/images/products/single/extended/bg-2.jpg]
[portotheme.com/html/porto_ecommerce/demo-9/assets/images/products/single/extended/bg-3.jpg]
[portotheme.com/html/porto_ecommerce/demo-9/product-extended-layout.html]
[portotheme.com/html/porto_ecommerce/demo-9/product-grid-layout.html]
[portotheme.com/html/porto_ecommerce/demo-9/product-sticky-both.html]
[portotheme.com/html/porto_ecommerce/demo-9/product-sticky-info.html]
[portotheme.com/html/porto_ecommerce/demo-9/checkout-shipping-2.html]
[portotheme.com/html/porto_ecommerce/demo-9/checkout-review.html]
[portotheme.com/html/porto_ecommerce/demo-9/dashboard.html]
[portotheme.com/html/porto_ecommerce/demo-9/assets/images/page-header-bg.jpg]
[portotheme.com/html/porto_ecommerce/demo-9/assets/images/half-bg.jpg]
[portotheme.com/html/porto_ecommerce/demo-9/assets/images/team/member-1.jpg]
[portotheme.com/html/porto_ecommerce/demo-9/assets/images/team/member-2.jpg]
[portotheme.com/html/porto_ecommerce/demo-9/assets/images/team/member-3.jpg]
[portotheme.com/html/porto_ecommerce/demo-9/assets/images/team/member-4.jpg]
[portotheme.com/html/porto_ecommerce/demo-9/about.html]
[portotheme.com/html/porto_ecommerce/demo-9/assets/images/blog/author.jpg]
[portotheme.com/html/porto_ecommerce/demo-9/assets/images/blog/related/post-1.jpg]
[portotheme.com/html/porto_ecommerce/demo-9/assets/images/blog/related/post-2.jpg]
[portotheme.com/html/porto_ecommerce/demo-9/assets/images/blog/related/post-3.jpg]
[portotheme.com/html/porto_ecommerce/demo-9/single.html]
[portotheme.com/html/porto_ecommerce/demo-9/forgot-password.html]
[portotheme.com/html/porto_ecommerce/demo-9/ajax/assets/images/products/zoom/product-1.80.delayed]
[www.portotheme.com/html/porto_ecommerce/demo-9/ajax/assets/images/products/zoom/product-1.81.delayed]
[portotheme.com/html/porto_ecommerce/demo-9/ajax/assets/images/products/zoom/product-1-big.jpg]
[www.portotheme.com/html/porto_ecommerce/demo-9/ajax/assets/images/products/zoom/product-1-big.jpg]
[portotheme.com/html/porto_ecommerce/demo-9/ajax/assets/images/products/zoom/product-2.jpg]
[www.portotheme.com/html/porto_ecommerce/demo-9/ajax/assets/images/products/zoom/product-2.jpg]
[portotheme.com/html/porto_ecommerce/demo-9/ajax/assets/images/products/zoom/product-2-big.jpg]
[www.portotheme.com/html/porto_ecommerce/demo-9/ajax/assets/images/products/zoom/product-2-big.jpg]
[portotheme.com/html/porto_ecommerce/demo-9/ajax/assets/images/products/zoom/product-3.jpg]
[www.portotheme.com/html/porto_ecommerce/demo-9/ajax/assets/images/products/zoom/product-3.jpg]
[portotheme.com/html/porto_ecommerce/demo-9/ajax/assets/images/products/zoom/product-3-big.jpg]
[www.portotheme.com/html/porto_ecommerce/demo-9/ajax/assets/images/products/zoom/product-3-big.jpg]
[portotheme.com/html/porto_ecommerce/demo-9/ajax/assets/images/products/zoom/product-4.jpg]
[www.portotheme.com/html/porto_ecommerce/demo-9/ajax/assets/images/products/zoom/product-4.jpg]
[portotheme.com/html/porto_ecommerce/demo-9/ajax/assets/images/products/zoom/product-4-big.jpg]
[www.portotheme.com/html/porto_ecommerce/demo-9/ajax/assets/images/products/zoom/product-4-big.jpg]
[portotheme.com/html/porto_ecommerce/demo-9/ajax/cart.html]
[portotheme.com/html/porto_ecommerce/demo-9/ajax/product-quick-view.html]
[portotheme.com/html/porto_ecommerce/demo-9/assets/fonts/porto6e1d.svg]
[portotheme.com/html/porto_ecommerce/demo-9/prorduct.html]
[portotheme.com/html/porto_ecommerce/demo-9/prorduct.html]
[portotheme.com/html/porto_ecommerce/demo-9/prorduct.html]
[portotheme.com/html/porto_ecommerce/demo-9/prorduct.html]
[portotheme.com/html/porto_ecommerce/demo-9/prorduct.html]
[portotheme.com/html/porto_ecommerce/demo-9/prorduct.html]
[portotheme.com/html/porto_ecommerce/demo-9/prorduct.html]
[portotheme.com/html/porto_ecommerce/demo-9/prorduct.html]
[portotheme.com/html/porto_ecommerce/demo-9/prorduct.html]
[portotheme.com/html/porto_ecommerce/demo-9/prorduct.html]
[portotheme.com/html/porto_ecommerce/demo-9/category-list.html]
